// Vitest Snapshot v1, https://vitest.dev/guide/snapshot.html

exports[`PokemonPicture component > debe hacer match con el snapshot 1`] = `"<div data-v-c76ad58e="" class="pokemon-container"><img data-v-c76ad58e="" class="fade-in" src="https://raw.githubusercontent.com/PokeAPI/sprites/master/sprites/pokemon/other/dream-world/1.svg" alt="pokemon"></div>"`;
